Using pre-set license
Built from '6000.0/staging' branch; Version is '6000.0.50f1 (f1ef1dca8bff) revision 15855389'; Using compiler version '193933523'; Build Type 'Release'
OS: 'Windows 11  (10.0.26100) 64bit Core' Language: 'en' Physical Memory: 32682 MB
BatchMode: 1, IsHumanControllingUs: 0, StartBugReporterOnCrash: 0, Is64bit: 1
Date: 2025-09-29T22:01:02Z

COMMAND LINE ARGUMENTS:
C:\Program Files\Unity\Hub\Editor\6000.0.50f1\Editor\Unity.exe
-adb2
-batchMode
-noUpm
-name
AssetImportWorker4
-projectPath
C:/GitHub/WyrmsWake/WyrmsWake
-logFile
Logs/AssetImportWorker4.log
-srvPort
50947
-job-worker-count
7
-background-job-worker-count
8
-gc-helper-count
1
Successfully changed project path to: C:/GitHub/WyrmsWake/WyrmsWake
C:/GitHub/WyrmsWake/WyrmsWake
[UnityMemory] Configuration Parameters - Can be set up in boot.config
    "memorysetup-bucket-allocator-granularity=16"
    "memorysetup-bucket-allocator-bucket-count=8"
    "memorysetup-bucket-allocator-block-size=33554432"
    "memorysetup-bucket-allocator-block-count=8"
    "memorysetup-main-allocator-block-size=16777216"
    "memorysetup-thread-allocator-block-size=16777216"
    "memorysetup-gfx-main-allocator-block-size=16777216"
    "memorysetup-gfx-thread-allocator-block-size=16777216"
    "memorysetup-cache-allocator-block-size=4194304"
    "memorysetup-typetree-allocator-block-size=2097152"
    "memorysetup-profiler-bucket-allocator-granularity=16"
    "memorysetup-profiler-bucket-allocator-bucket-count=8"
    "memorysetup-profiler-bucket-allocator-block-size=33554432"
    "memorysetup-profiler-bucket-allocator-block-count=8"
    "memorysetup-profiler-allocator-block-size=16777216"
    "memorysetup-profiler-editor-allocator-block-size=1048576"
    "memorysetup-temp-allocator-size-main=16777216"
    "memorysetup-job-temp-allocator-block-size=2097152"
    "memorysetup-job-temp-allocator-block-size-background=1048576"
    "memorysetup-job-temp-allocator-reduction-small-platforms=262144"
    "memorysetup-allocator-temp-initial-block-size-main=262144"
    "memorysetup-allocator-temp-initial-block-size-worker=262144"
    "memorysetup-temp-allocator-size-background-worker=32768"
    "memorysetup-temp-allocator-size-job-worker=262144"
    "memorysetup-temp-allocator-size-preload-manager=33554432"
    "memorysetup-temp-allocator-size-nav-mesh-worker=65536"
    "memorysetup-temp-allocator-size-audio-worker=65536"
    "memorysetup-temp-allocator-size-cloud-worker=32768"
    "memorysetup-temp-allocator-size-gi-baking-worker=262144"
    "memorysetup-temp-allocator-size-gi-baking-worker=262144"
    "memorysetup-temp-allocator-size-gi-baking-worker=262144"
    "memorysetup-temp-allocator-size-gi-baking-worker=262144"
    "memorysetup-temp-allocator-size-gi-baking-worker=262144"
    "memorysetup-temp-allocator-size-gfx=262144"
Player connection [21928]  Target information:

Player connection [21928]  * "[IP] 10.14.0.2 [Port] 0 [Flags] 2 [Guid] 3827812978 [EditorId] 3827812978 [Version] 1048832 [Id] WindowsEditor(7,AQ-PC) [Debug] 1 [PackageName] WindowsEditor [ProjectName] Editor" 

Player connection [21928]  * "[IP] 192.168.0.26 [Port] 0 [Flags] 2 [Guid] 3827812978 [EditorId] 3827812978 [Version] 1048832 [Id] WindowsEditor(7,AQ-PC) [Debug] 1 [PackageName] WindowsEditor [ProjectName] Editor" 

Player connection [21928] Host joined multi-casting on [225.0.0.222:54997]...
Player connection [21928] Host joined alternative multi-casting on [225.0.0.222:34997]...
JobSystem: Creating JobQueue using job-worker-count value 7
Input System module state changed to: Initialized.
[Physics::Module] Initialized fallback backend.
[Physics::Module] Id: 0xdecafbad
Library Redirect Path: Library/
[Physics::Module] Selected backend.
[Physics::Module] Name: PhysX
[Physics::Module] Id: 0xf2b8ea05
[Physics::Module] SDK Version: 4.1.2
[Physics::Module] Integration Version: 1.0.0
[Physics::Module] Threading Mode: Multi-Threaded
Refreshing native plugins compatible for Editor in 1.91 ms, found 3 plugins.
Preloading 0 native plugins for Editor in 0.00 ms.
Initialize engine version: 6000.0.50f1 (f1ef1dca8bff)
[Subsystems] Discovering subsystems at path C:/Program Files/Unity/Hub/Editor/6000.0.50f1/Editor/Data/Resources/UnitySubsystems
[Subsystems] Discovering subsystems at path C:/GitHub/WyrmsWake/WyrmsWake/Assets
GfxDevice: creating device client; kGfxThreadingModeNonThreaded
Direct3D:
    Version:  Direct3D 11.0 [level 11.1]
    Renderer: NVIDIA GeForce RTX 4070 Ti SUPER (ID=0x2705)
    Vendor:   NVIDIA
    VRAM:     16063 MB
    Driver:   32.0.15.7688
Initialize mono
Mono path[0] = 'C:/Program Files/Unity/Hub/Editor/6000.0.50f1/Editor/Data/Managed'
Mono path[1] = 'C:/Program Files/Unity/Hub/Editor/6000.0.50f1/Editor/Data/MonoBleedingEdge/lib/mono/unityjit-win32'
Mono config path = 'C:/Program Files/Unity/Hub/Editor/6000.0.50f1/Editor/Data/MonoBleedingEdge/etc'
Using monoOptions --debugger-agent=transport=dt_socket,embedding=1,server=y,suspend=n,address=127.0.0.1:56056
Begin MonoManager ReloadAssembly
Registering precompiled unity dll's ...
Register platform support module: C:/Program Files/Unity/Hub/Editor/6000.0.50f1/Editor/Data/PlaybackEngines/WindowsStandaloneSupport/UnityEditor.WindowsStandalone.Extensions.dll
Registered in 0.002484 seconds.
- Loaded All Assemblies, in  0.349 seconds
Native extension for WindowsStandalone target not found
Mono: successfully reloaded assembly
- Finished resetting the current domain, in  0.311 seconds
Domain Reload Profiling: 659ms
	BeginReloadAssembly (126ms)
		ExecutionOrderSort (0ms)
		DisableScriptedObjects (0ms)
		BackupInstance (0ms)
		ReleaseScriptingObjects (0ms)
		CreateAndSetChildDomain (1ms)
	RebuildCommonClasses (35ms)
	RebuildNativeTypeToScriptingClass (11ms)
	initialDomainReloadingComplete (43ms)
	LoadAllAssembliesAndSetupDomain (132ms)
		LoadAssemblies (124ms)
		RebuildTransferFunctionScriptingTraits (0ms)
		AnalyzeDomain (130ms)
			TypeCache.Refresh (128ms)
				TypeCache.ScanAssembly (116ms)
			BuildScriptInfoCaches (0ms)
			ResolveRequiredComponents (0ms)
	FinalizeReload (312ms)
		ReleaseScriptCaches (0ms)
		RebuildScriptCaches (0ms)
		SetupLoadedEditorAssemblies (270ms)
			LogAssemblyErrors (0ms)
			InitializePlatformSupportModulesInManaged (19ms)
			SetLoadedEditorAssemblies (4ms)
			BeforeProcessingInitializeOnLoad (63ms)
			ProcessInitializeOnLoadAttributes (134ms)
			ProcessInitializeOnLoadMethodAttributes (51ms)
			AfterProcessingInitializeOnLoad (0ms)
			EditorAssembliesLoaded (0ms)
		ExecutionOrderSort2 (0ms)
		AwakeInstancesAfterBackupRestoration (0ms)
Assembly reference Packages/com.unity.cinemachine/Editor/Samples/ExposeHDRPInternals/HDRP-Editor-ref.asmref has no target assembly definition
========================================================================
Worker process is ready to serve import requests
Import Worker Mode flag is 0x00
Assembly reference Packages/com.unity.cinemachine/Editor/Samples/ExposeHDRPInternals/HDRP-Editor-ref.asmref has no target assembly definition
Assembly reference Packages/com.unity.cinemachine/Editor/Samples/ExposeHDRPInternals/HDRP-Editor-ref.asmref has no target assembly definition
Begin MonoManager ReloadAssembly
- Loaded All Assemblies, in  0.702 seconds
Assembly reference Packages/com.unity.cinemachine/Editor/Samples/ExposeHDRPInternals/HDRP-Editor-ref.asmref has no target assembly definition
'Packages/com.unity.cinemachine/Editor/Obsolete/CinemachineVirtualCameraBaseEditor.cs' contains partial class of Unity.Object, exactly 1 of the partial classes needs to be in a file with the same filename. This is to know the one that can be referenced from ie. GameObjects
'Packages/com.unity.cinemachine/Editor/Editors/CinemachineVirtualCameraBaseEditor.cs' contains partial class of Unity.Object, exactly 1 of the partial classes needs to be in a file with the same filename. This is to know the one that can be referenced from ie. GameObjects
Refreshing native plugins compatible for Editor in 0.84 ms, found 3 plugins.
Native extension for WindowsStandalone target not found
Assembly reference Packages/com.unity.cinemachine/Editor/Samples/ExposeHDRPInternals/HDRP-Editor-ref.asmref has no target assembly definition
Package Manager log level set to [2]
[Package Manager] Failed to launch server process. Reason: Unity was launched with the -noUpm command-line argument
[Package Manager] Unable to send message (not connected to server process).
[Package Manager] Cannot connect to Unity Package Manager local server
Mono: successfully reloaded assembly
- Finished resetting the current domain, in  0.678 seconds
Domain Reload Profiling: 1377ms
	BeginReloadAssembly (163ms)
		ExecutionOrderSort (0ms)
		DisableScriptedObjects (7ms)
		BackupInstance (0ms)
		ReleaseScriptingObjects (0ms)
		CreateAndSetChildDomain (29ms)
	RebuildCommonClasses (31ms)
	RebuildNativeTypeToScriptingClass (10ms)
	initialDomainReloadingComplete (38ms)
	LoadAllAssembliesAndSetupDomain (457ms)
		LoadAssemblies (316ms)
		RebuildTransferFunctionScriptingTraits (0ms)
		AnalyzeDomain (232ms)
			TypeCache.Refresh (172ms)
				TypeCache.ScanAssembly (157ms)
			BuildScriptInfoCaches (46ms)
			ResolveRequiredComponents (10ms)
	FinalizeReload (678ms)
		ReleaseScriptCaches (0ms)
		RebuildScriptCaches (0ms)
		SetupLoadedEditorAssemblies (512ms)
			LogAssemblyErrors (0ms)
			InitializePlatformSupportModulesInManaged (2ms)
			SetLoadedEditorAssemblies (3ms)
			BeforeProcessingInitializeOnLoad (101ms)
			ProcessInitializeOnLoadAttributes (349ms)
			ProcessInitializeOnLoadMethodAttributes (52ms)
			AfterProcessingInitializeOnLoad (4ms)
			EditorAssembliesLoaded (0ms)
		ExecutionOrderSort2 (0ms)
		AwakeInstancesAfterBackupRestoration (6ms)
Launched and connected shader compiler UnityShaderCompiler.exe after 0.02 seconds
Refreshing native plugins compatible for Editor in 1.37 ms, found 3 plugins.
Preloading 0 native plugins for Editor in 0.00 ms.
Unloading 251 Unused Serialized files (Serialized files now loaded: 0)
Unloading 7131 unused Assets / (7.2 MB). Loaded Objects now: 7874.
Memory consumption went from 275.0 MB to 267.7 MB.
Total: 14.141200 ms (FindLiveObjects: 1.621500 ms CreateObjectMapping: 0.690400 ms MarkObjects: 7.129400 ms  DeleteObjects: 4.699200 ms)

========================================================================
Received Import Request.
  Time since last request: 724566.955078 seconds.
  path: Assets/SimpleToon/Material/Sphere3.mat
  artifactKey: Guid(4e4f0f6c913e0524ba5df3501e05ba51) Importer(815301076,1909f56bfc062723c751e8b465ee728b)
Start importing Assets/SimpleToon/Material/Sphere3.mat using Guid(4e4f0f6c913e0524ba5df3501e05ba51) Importer(815301076,1909f56bfc062723c751e8b465ee728b) (PreviewImporter) -> (artifact id: '1c7b00a8ae993a44710b5e6075b64df9') in 0.5301662 seconds
Number of updated asset objects reloaded before import = 0Number of asset objects unloaded after import = 3

========================================================================
Received Import Request.
  Time since last request: 39.186537 seconds.
  path: Assets/DungeonRPGMonstersEvolutions
  artifactKey: Guid(b61492b95efed474598466137669ab1d) Importer(815301076,1909f56bfc062723c751e8b465ee728b)
Start importing Assets/DungeonRPGMonstersEvolutions using Guid(b61492b95efed474598466137669ab1d) Importer(815301076,1909f56bfc062723c751e8b465ee728b) (PreviewImporter) -> (artifact id: '679282eefff5e9b7f9fa8319b3ab3178') in 0.0005767 seconds
Number of updated asset objects reloaded before import = 0Number of asset objects unloaded after import = 0

========================================================================
Received Import Request.
  Time since last request: 1.412496 seconds.
  path: Assets/DungeonRPGMonstersEvolutions/Enemies
  artifactKey: Guid(1c9997754aededd4aaf2afc1dc83098a) Importer(815301076,1909f56bfc062723c751e8b465ee728b)
Start importing Assets/DungeonRPGMonstersEvolutions/Enemies using Guid(1c9997754aededd4aaf2afc1dc83098a) Importer(815301076,1909f56bfc062723c751e8b465ee728b) (PreviewImporter) -> (artifact id: 'e862e43bb5834e35781e1f9d783cdccf') in 0.0004761 seconds
Number of updated asset objects reloaded before import = 0Number of asset objects unloaded after import = 0

========================================================================
Received Import Request.
  Time since last request: 11.983911 seconds.
  path: Assets/DungeonRPGMonstersEvolutions/Enemies/Slime
  artifactKey: Guid(79e0a42e4721df341856f1122e1a9c60) Importer(815301076,1909f56bfc062723c751e8b465ee728b)
Start importing Assets/DungeonRPGMonstersEvolutions/Enemies/Slime using Guid(79e0a42e4721df341856f1122e1a9c60) Importer(815301076,1909f56bfc062723c751e8b465ee728b) (PreviewImporter) -> (artifact id: 'c32fe82960bb184a7a9547ed282825bb') in 0.0004611 seconds
Number of updated asset objects reloaded before import = 0Number of asset objects unloaded after import = 0

========================================================================
Received Import Request.
  Time since last request: 0.005600 seconds.
  path: Assets/DungeonRPGMonstersEvolutions/Enemies/Slime/Slime.fbx
  artifactKey: Guid(2c8ef43dd64938244a14448489649d79) Importer(815301076,1909f56bfc062723c751e8b465ee728b)
Start importing Assets/DungeonRPGMonstersEvolutions/Enemies/Slime/Slime.fbx using Guid(2c8ef43dd64938244a14448489649d79) Importer(815301076,1909f56bfc062723c751e8b465ee728b) (PreviewImporter) -> (artifact id: '69044a68168cf388c2f4e9603ad324f7') in 0.1275824 seconds
Number of updated asset objects reloaded before import = 0Number of asset objects unloaded after import = 87

========================================================================
Received Import Request.
  Time since last request: 0.000023 seconds.
  path: Assets/DungeonRPGMonstersEvolutions/Enemies/Slime/Slime_3.prefab
  artifactKey: Guid(d027bfc8e5c78d547b2939815298edce) Importer(815301076,1909f56bfc062723c751e8b465ee728b)
Start importing Assets/DungeonRPGMonstersEvolutions/Enemies/Slime/Slime_3.prefab using Guid(d027bfc8e5c78d547b2939815298edce) Importer(815301076,1909f56bfc062723c751e8b465ee728b) (PreviewImporter) -> (artifact id: 'c69975df1cdcc0cde2c6adc1445fb56d') in 0.0139829 seconds
Number of updated asset objects reloaded before import = 0Number of asset objects unloaded after import = 71

========================================================================
Received Import Request.
  Time since last request: 0.000030 seconds.
  path: Assets/DungeonRPGMonstersEvolutions/Enemies/Slime/Slime_2.prefab
  artifactKey: Guid(4dbcf27568cd2f143841fafeefe7fd09) Importer(815301076,1909f56bfc062723c751e8b465ee728b)
Start importing Assets/DungeonRPGMonstersEvolutions/Enemies/Slime/Slime_2.prefab using Guid(4dbcf27568cd2f143841fafeefe7fd09) Importer(815301076,1909f56bfc062723c751e8b465ee728b) (PreviewImporter) -> (artifact id: 'a84e8a32d57cc5d6647d306e7f7cb728') in 0.0095027 seconds
Number of updated asset objects reloaded before import = 0Number of asset objects unloaded after import = 59

========================================================================
Received Import Request.
  Time since last request: 0.000018 seconds.
  path: Assets/DungeonRPGMonstersEvolutions/Enemies/Slime/Slime_All.prefab
  artifactKey: Guid(932ba3da3c65f1840af0aaf372e17e1f) Importer(815301076,1909f56bfc062723c751e8b465ee728b)
Start importing Assets/DungeonRPGMonstersEvolutions/Enemies/Slime/Slime_All.prefab using Guid(932ba3da3c65f1840af0aaf372e17e1f) Importer(815301076,1909f56bfc062723c751e8b465ee728b) (PreviewImporter) -> (artifact id: 'a3cd7a63bb5d83b6a63fc40213f94687') in 0.0111617 seconds
Number of updated asset objects reloaded before import = 0Number of asset objects unloaded after import = 103

========================================================================
Received Import Request.
  Time since last request: 16.320090 seconds.
  path: Assets/DungeonRPGMonstersEvolutions/Enemies/Slime/Materials
  artifactKey: Guid(f9c52026cfa5e1c4c9e58925b53c3633) Importer(815301076,1909f56bfc062723c751e8b465ee728b)
Start importing Assets/DungeonRPGMonstersEvolutions/Enemies/Slime/Materials using Guid(f9c52026cfa5e1c4c9e58925b53c3633) Importer(815301076,1909f56bfc062723c751e8b465ee728b) (PreviewImporter) -> (artifact id: '7b8107218d3670dc80980213adafde78') in 0.0007314 seconds
Number of updated asset objects reloaded before import = 0Number of asset objects unloaded after import = 0

========================================================================
Received Import Request.
  Time since last request: 0.563092 seconds.
  path: Assets/DungeonRPGMonstersEvolutions/Enemies/Slime/Materials/Slime1.mat
  artifactKey: Guid(34860c0b340024d4e8b16976f1ce8a47) Importer(815301076,1909f56bfc062723c751e8b465ee728b)
Start importing Assets/DungeonRPGMonstersEvolutions/Enemies/Slime/Materials/Slime1.mat using Guid(34860c0b340024d4e8b16976f1ce8a47) Importer(815301076,1909f56bfc062723c751e8b465ee728b) (PreviewImporter) -> (artifact id: '46e4a6f0e1e2be08ba232c542460cd37') in 0.0075909 seconds
Number of updated asset objects reloaded before import = 0Number of asset objects unloaded after import = 2

========================================================================
Received Import Request.
  Time since last request: 3.498870 seconds.
  path: Assets/DungeonRPGMonstersEvolutions/Enemies/Golem
  artifactKey: Guid(95059c2d89e8ef44b8db3034afcf116c) Importer(815301076,1909f56bfc062723c751e8b465ee728b)
Start importing Assets/DungeonRPGMonstersEvolutions/Enemies/Golem using Guid(95059c2d89e8ef44b8db3034afcf116c) Importer(815301076,1909f56bfc062723c751e8b465ee728b) (PreviewImporter) -> (artifact id: '4c7debbc2f65f05fbfb4cc8671771384') in 0.0005756 seconds
Number of updated asset objects reloaded before import = 0Number of asset objects unloaded after import = 0

========================================================================
Received Import Request.
  Time since last request: 0.571232 seconds.
  path: Assets/DungeonRPGMonstersEvolutions/Enemies/Golem/Golem.fbx
  artifactKey: Guid(ace115e546b3e1f4f8e0e559db015881) Importer(815301076,1909f56bfc062723c751e8b465ee728b)
Start importing Assets/DungeonRPGMonstersEvolutions/Enemies/Golem/Golem.fbx using Guid(ace115e546b3e1f4f8e0e559db015881) Importer(815301076,1909f56bfc062723c751e8b465ee728b) (PreviewImporter) -> (artifact id: '8dc71c9b66b384194c45b27826ddb914') in 0.1464555 seconds
Number of updated asset objects reloaded before import = 0Number of asset objects unloaded after import = 131

========================================================================
Received Import Request.
  Time since last request: 18.545583 seconds.
  path: Assets/DungeonRPGMonstersEvolutions/Enemies/DarkWizard
  artifactKey: Guid(86d02f90b953a9543b37a393478d5a38) Importer(815301076,1909f56bfc062723c751e8b465ee728b)
Start importing Assets/DungeonRPGMonstersEvolutions/Enemies/DarkWizard using Guid(86d02f90b953a9543b37a393478d5a38) Importer(815301076,1909f56bfc062723c751e8b465ee728b) (PreviewImporter) -> (artifact id: '423fc47f0f58108b57bcc87661b103a5') in 0.0009368 seconds
Number of updated asset objects reloaded before import = 0Number of asset objects unloaded after import = 0

========================================================================
Received Import Request.
  Time since last request: 0.000018 seconds.
  path: Assets/DungeonRPGMonstersEvolutions/Enemies/DarkWizard/DarkWizard.fbx
  artifactKey: Guid(f6b3125e55aef424c98d6653ff636f50) Importer(815301076,1909f56bfc062723c751e8b465ee728b)
Start importing Assets/DungeonRPGMonstersEvolutions/Enemies/DarkWizard/DarkWizard.fbx using Guid(f6b3125e55aef424c98d6653ff636f50) Importer(815301076,1909f56bfc062723c751e8b465ee728b) (PreviewImporter) -> (artifact id: 'c5f825a8c9402b0fb95356a082245071') in 0.1340073 seconds
Number of updated asset objects reloaded before import = 0Number of asset objects unloaded after import = 147

========================================================================
Received Import Request.
  Time since last request: 20.324391 seconds.
  path: Assets/DungeonRPGMonstersEvolutions/Enemies/Skeleton
  artifactKey: Guid(186a337ecc052394c9a1386da160363b) Importer(815301076,1909f56bfc062723c751e8b465ee728b)
Start importing Assets/DungeonRPGMonstersEvolutions/Enemies/Skeleton using Guid(186a337ecc052394c9a1386da160363b) Importer(815301076,1909f56bfc062723c751e8b465ee728b) (PreviewImporter) -> (artifact id: 'f0b243abf57383d3a21fe5ca3c337018') in 0.000969 seconds
Number of updated asset objects reloaded before import = 0Number of asset objects unloaded after import = 0

========================================================================
Received Import Request.
  Time since last request: 0.263584 seconds.
  path: Assets/DungeonRPGMonstersEvolutions/Enemies/Skeleton/Skeleton.fbx
  artifactKey: Guid(4d3985d1161ac7f43b2b27b065591d03) Importer(815301076,1909f56bfc062723c751e8b465ee728b)
Start importing Assets/DungeonRPGMonstersEvolutions/Enemies/Skeleton/Skeleton.fbx using Guid(4d3985d1161ac7f43b2b27b065591d03) Importer(815301076,1909f56bfc062723c751e8b465ee728b) (PreviewImporter) -> (artifact id: '2c5da4ee016db83a000d309de9b2e175') in 0.3491279 seconds
Number of updated asset objects reloaded before import = 0Number of asset objects unloaded after import = 349

========================================================================
Received Import Request.
  Time since last request: 14.467277 seconds.
  path: Assets/DungeonRPGMonstersEvolutions/Enemies/FloatingEye
  artifactKey: Guid(59d850eb42fd48841b6fbdbff34659d0) Importer(815301076,1909f56bfc062723c751e8b465ee728b)
Start importing Assets/DungeonRPGMonstersEvolutions/Enemies/FloatingEye using Guid(59d850eb42fd48841b6fbdbff34659d0) Importer(815301076,1909f56bfc062723c751e8b465ee728b) (PreviewImporter) -> (artifact id: 'a3cddc49bef328149fea7508ff9027e2') in 0.0015787 seconds
Number of updated asset objects reloaded before import = 0Number of asset objects unloaded after import = 0

========================================================================
Received Import Request.
  Time since last request: 0.021125 seconds.
  path: Assets/DungeonRPGMonstersEvolutions/Enemies/FloatingEye/FloatingEye.fbx
  artifactKey: Guid(8bed34311fb1a8340b984769081cb369) Importer(815301076,1909f56bfc062723c751e8b465ee728b)
Start importing Assets/DungeonRPGMonstersEvolutions/Enemies/FloatingEye/FloatingEye.fbx using Guid(8bed34311fb1a8340b984769081cb369) Importer(815301076,1909f56bfc062723c751e8b465ee728b) (PreviewImporter) -> (artifact id: '4594953bf5b8c682741eec4db8804e99') in 0.0799427 seconds
Number of updated asset objects reloaded before import = 0Number of asset objects unloaded after import = 112

========================================================================
Received Import Request.
  Time since last request: 1846.853770 seconds.
  path: Assets/Kevin Iglesias/Human Animations/Unity Demo Scenes/Human Melee Animations/AnimatorControllers/Female/1H/HumanF@Combat Movement - Sword and Shield.overrideController
  artifactKey: Guid(1034ff4c88ba2c34cb5edae526585116) Importer(815301076,1909f56bfc062723c751e8b465ee728b)
Start importing Assets/Kevin Iglesias/Human Animations/Unity Demo Scenes/Human Melee Animations/AnimatorControllers/Female/1H/HumanF@Combat Movement - Sword and Shield.overrideController using Guid(1034ff4c88ba2c34cb5edae526585116) Importer(815301076,1909f56bfc062723c751e8b465ee728b) (PreviewImporter) -> (artifact id: '2f9eb9d0e673b7a0efddf77d5b267b60') in 0.018148 seconds
Number of updated asset objects reloaded before import = 0Number of asset objects unloaded after import = 36

